  Determining projects to restore...
  All projects are up-to-date for restore.
E:\repos\angularaspire\src\Shared\SessionManagement\TrackService.cs(30,50): error CS0246: The type or namespace name 'Event' could not be found (are you missing a using directive or an assembly reference?) [E:\repos\angularaspire\src\Shared\Shared.csproj]
E:\repos\angularaspire\src\Shared\Registration\QueueService.cs(329,13): warning CS4014: Because this call is not awaited, execution of the current method continues before the call is completed. Consider applying the 'await' operator to the result of the call. [E:\repos\angularaspire\src\Shared\Shared.csproj]
E:\repos\angularaspire\src\Shared\Registration\QueueService.cs(332,13): warning CS4014: Because this call is not awaited, execution of the current method continues before the call is completed. Consider applying the 'await' operator to the result of the call. [E:\repos\angularaspire\src\Shared\Shared.csproj]
E:\repos\angularaspire\src\Shared\SessionManagement\SessionDbContext.cs(133,13): warning CS0618: 'RelationalEntityTypeBuilderExtensions.HasCheckConstraint<TEntity>(EntityTypeBuilder<TEntity>, string, string?)' is obsolete: 'Configure this using ToTable(t => t.HasCheckConstraint()) instead.' [E:\repos\angularaspire\src\Shared\Shared.csproj]
E:\repos\angularaspire\src\Shared\SessionManagement\SessionDbContext.cs(135,13): warning CS0618: 'RelationalEntityTypeBuilderExtensions.HasCheckConstraint<TEntity>(EntityTypeBuilder<TEntity>, string, string?)' is obsolete: 'Configure this using ToTable(t => t.HasCheckConstraint()) instead.' [E:\repos\angularaspire\src\Shared\Shared.csproj]
E:\repos\angularaspire\src\Shared\SessionManagement\SessionDbContext.cs(137,13): warning CS0618: 'RelationalEntityTypeBuilderExtensions.HasCheckConstraint<TEntity>(EntityTypeBuilder<TEntity>, string, string?)' is obsolete: 'Configure this using ToTable(t => t.HasCheckConstraint()) instead.' [E:\repos\angularaspire\src\Shared\Shared.csproj]
E:\repos\angularaspire\src\Shared\Registration\RegistrationDbContext.cs(276,9): warning CS0618: 'RelationalEntityTypeBuilderExtensions.HasCheckConstraint<TEntity>(EntityTypeBuilder<TEntity>, string, string?)' is obsolete: 'Configure this using ToTable(t => t.HasCheckConstraint()) instead.' [E:\repos\angularaspire\src\Shared\Shared.csproj]
E:\repos\angularaspire\src\Shared\Registration\RegistrationDbContext.cs(280,9): warning CS0618: 'RelationalEntityTypeBuilderExtensions.HasCheckConstraint<TEntity>(EntityTypeBuilder<TEntity>, string, string?)' is obsolete: 'Configure this using ToTable(t => t.HasCheckConstraint()) instead.' [E:\repos\angularaspire\src\Shared\Shared.csproj]
E:\repos\angularaspire\src\Shared\Registration\RegistrationDbContext.cs(284,9): warning CS0618: 'RelationalEntityTypeBuilderExtensions.HasCheckConstraint<TEntity>(EntityTypeBuilder<TEntity>, string, string?)' is obsolete: 'Configure this using ToTable(t => t.HasCheckConstraint()) instead.' [E:\repos\angularaspire\src\Shared\Shared.csproj]
E:\repos\angularaspire\src\Shared\Registration\RegistrationDbContext.cs(290,9): warning CS0618: 'RelationalEntityTypeBuilderExtensions.HasCheckConstraint<TEntity>(EntityTypeBuilder<TEntity>, string, string?)' is obsolete: 'Configure this using ToTable(t => t.HasCheckConstraint()) instead.' [E:\repos\angularaspire\src\Shared\Shared.csproj]
E:\repos\angularaspire\src\Shared\Registration\RegistrationDbContext.cs(296,9): warning CS0618: 'RelationalEntityTypeBuilderExtensions.HasCheckConstraint<TEntity>(EntityTypeBuilder<TEntity>, string, string?)' is obsolete: 'Configure this using ToTable(t => t.HasCheckConstraint()) instead.' [E:\repos\angularaspire\src\Shared\Shared.csproj]

Build FAILED.

E:\repos\angularaspire\src\Shared\Registration\QueueService.cs(329,13): warning CS4014: Because this call is not awaited, execution of the current method continues before the call is completed. Consider applying the 'await' operator to the result of the call. [E:\repos\angularaspire\src\Shared\Shared.csproj]
E:\repos\angularaspire\src\Shared\Registration\QueueService.cs(332,13): warning CS4014: Because this call is not awaited, execution of the current method continues before the call is completed. Consider applying the 'await' operator to the result of the call. [E:\repos\angularaspire\src\Shared\Shared.csproj]
E:\repos\angularaspire\src\Shared\SessionManagement\SessionDbContext.cs(133,13): warning CS0618: 'RelationalEntityTypeBuilderExtensions.HasCheckConstraint<TEntity>(EntityTypeBuilder<TEntity>, string, string?)' is obsolete: 'Configure this using ToTable(t => t.HasCheckConstraint()) instead.' [E:\repos\angularaspire\src\Shared\Shared.csproj]
E:\repos\angularaspire\src\Shared\SessionManagement\SessionDbContext.cs(135,13): warning CS0618: 'RelationalEntityTypeBuilderExtensions.HasCheckConstraint<TEntity>(EntityTypeBuilder<TEntity>, string, string?)' is obsolete: 'Configure this using ToTable(t => t.HasCheckConstraint()) instead.' [E:\repos\angularaspire\src\Shared\Shared.csproj]
E:\repos\angularaspire\src\Shared\SessionManagement\SessionDbContext.cs(137,13): warning CS0618: 'RelationalEntityTypeBuilderExtensions.HasCheckConstraint<TEntity>(EntityTypeBuilder<TEntity>, string, string?)' is obsolete: 'Configure this using ToTable(t => t.HasCheckConstraint()) instead.' [E:\repos\angularaspire\src\Shared\Shared.csproj]
E:\repos\angularaspire\src\Shared\Registration\RegistrationDbContext.cs(276,9): warning CS0618: 'RelationalEntityTypeBuilderExtensions.HasCheckConstraint<TEntity>(EntityTypeBuilder<TEntity>, string, string?)' is obsolete: 'Configure this using ToTable(t => t.HasCheckConstraint()) instead.' [E:\repos\angularaspire\src\Shared\Shared.csproj]
E:\repos\angularaspire\src\Shared\Registration\RegistrationDbContext.cs(280,9): warning CS0618: 'RelationalEntityTypeBuilderExtensions.HasCheckConstraint<TEntity>(EntityTypeBuilder<TEntity>, string, string?)' is obsolete: 'Configure this using ToTable(t => t.HasCheckConstraint()) instead.' [E:\repos\angularaspire\src\Shared\Shared.csproj]
E:\repos\angularaspire\src\Shared\Registration\RegistrationDbContext.cs(284,9): warning CS0618: 'RelationalEntityTypeBuilderExtensions.HasCheckConstraint<TEntity>(EntityTypeBuilder<TEntity>, string, string?)' is obsolete: 'Configure this using ToTable(t => t.HasCheckConstraint()) instead.' [E:\repos\angularaspire\src\Shared\Shared.csproj]
E:\repos\angularaspire\src\Shared\Registration\RegistrationDbContext.cs(290,9): warning CS0618: 'RelationalEntityTypeBuilderExtensions.HasCheckConstraint<TEntity>(EntityTypeBuilder<TEntity>, string, string?)' is obsolete: 'Configure this using ToTable(t => t.HasCheckConstraint()) instead.' [E:\repos\angularaspire\src\Shared\Shared.csproj]
E:\repos\angularaspire\src\Shared\Registration\RegistrationDbContext.cs(296,9): warning CS0618: 'RelationalEntityTypeBuilderExtensions.HasCheckConstraint<TEntity>(EntityTypeBuilder<TEntity>, string, string?)' is obsolete: 'Configure this using ToTable(t => t.HasCheckConstraint()) instead.' [E:\repos\angularaspire\src\Shared\Shared.csproj]
E:\repos\angularaspire\src\Shared\SessionManagement\TrackService.cs(30,50): error CS0246: The type or namespace name 'Event' could not be found (are you missing a using directive or an assembly reference?) [E:\repos\angularaspire\src\Shared\Shared.csproj]
    10 Warning(s)
    1 Error(s)

Time Elapsed 00:00:09.11
